#
# A fatal error has been detected by the Java Runtime Environment:
#
#  EXCEPTION_ACCESS_VIOLATION (0xc0000005) at pc=0x00007ff88002e5a5, pid=16472, tid=20448
#
# JRE version: OpenJDK Runtime Environment (25.0.1+8) (build 25.0.1+8-27)
# Java VM: OpenJDK 64-Bit Server VM (25.0.1+8-27, mixed mode, sharing, tiered, compressed oops, compressed class ptrs, g1 gc, windows-amd64)
# Problematic frame:
# C  [nvoglv64.dll+0xe9e5a5]
#
# No core dump will be written. Minidumps are not enabled by default on client versions of Windows
#
# If you would like to submit a bug report, please visit:
#   https://bugreport.java.com/bugreport/crash.jsp
# The crash happened outside the Java Virtual Machine in native code.
# See problematic frame for where to report the bug.
#

---------------  S U M M A R Y ------------

Command Line: --enable-native-access=ALL-UNNAMED -Dfile.encoding=UTF-8 -Duser.country=DE -Duser.language=de -Duser.variant github.businessdirt.axite.vanadium.MainKt

Host: Intel(R) Core(TM) i7-9700K CPU @ 3.60GHz, 8 cores, 31G,  Windows 11 , 64 bit Build 26100 (10.0.26100.1591)
Time: Thu Mar 19 15:53:50 2026 Mitteleuropäische Zeit elapsed time: 4.206031 seconds (0d 0h 0m 4s)

---------------  T H R E A D  ---------------

Current thread (0x0000027c1d965c10):  JavaThread "main"             [_thread_in_native, id=20448, stack(0x000000f034400000,0x000000f034500000) (1024K)]

Stack: [0x000000f034400000,0x000000f034500000],  sp=0x000000f0344fe860,  free space=1018k
Native frames: (J=compiled Java code, j=interpreted, Vv=VM code, C=native code)
C  [nvoglv64.dll+0xe9e5a5]  (no source info available)
C  [nvoglv64.dll+0xe9f680]  (no source info available)
C  [VkLayer_khronos_validation.dll+0x3048d9]  vulkan_layer_chassis::CmdPipelineBarrier2+0x2f9  (chassis.cpp:7943)
C  0x0000027c2fc110a1  (no source info available)

The last pc belongs to nep_invoker_blob (printed below).
Java frames: (J=compiled Java code, j=interpreted, Vv=VM code)
v  ~RuntimeStub::nep_invoker_blob 0x0000027c2fc11068
j  java.lang.invoke.LambdaForm$MH+0x0000000021220400.invoke(Ljava/lang/Object;JJJ)V+12 java.base@25.0.1
j  java.lang.invoke.LambdaForm$MH+0x0000000021222400.invokeExact_MT(Ljava/lang/Object;JJJLjava/lang/Object;)V+23 java.base@25.0.1
j  jdk.internal.foreign.abi.DowncallStub+0x0000000021220800.invoke(Ljava/lang/foreign/SegmentAllocator;Ljava/lang/foreign/MemorySegment;JJ)V+52 java.base@25.0.1
j  java.lang.invoke.LambdaForm$DMH+0x00000000211a8000.invokeStatic(Ljava/lang/Object;Ljava/lang/Object;Ljava/lang/Object;JJ)V+16 java.base@25.0.1
j  java.lang.invoke.LambdaForm$MH+0x0000000021221800.invoke(Ljava/lang/Object;Ljava/lang/Object;JJ)V+43 java.base@25.0.1
j  java.lang.invoke.LambdaForm$MH+0x0000000021221c00.invokeExact_MT(Ljava/lang/Object;Ljava/lang/Object;JJLjava/lang/Object;)V+23 java.base@25.0.1
j  org.lwjgl.system.JNIBindingsImpl+0x000000002118c000.callPPV(Ljava/lang/foreign/MemorySegment;JJ)V+7
j  org.lwjgl.system.JNI.callPPV(JJJ)V+10
j  org.lwjgl.vulkan.VK13.nvkCmdPipelineBarrier2(Lorg/lwjgl/vulkan/VkCommandBuffer;J)V+29
j  org.lwjgl.vulkan.VK13.vkCmdPipelineBarrier2(Lorg/lwjgl/vulkan/VkCommandBuffer;Lorg/lwjgl/vulkan/VkDependencyInfo;)V+5
j  github.businessdirt.axite.vanadium.utils.VulkanUtilsKt.imageBarrier(Lorg/lwjgl/system/MemoryStack;Lorg/lwjgl/vulkan/VkCommandBuffer;JIIJJJJI)V+103
j  github.businessdirt.axite.vanadium.graph.SceneRenderGraph.render$lambda$0(Lorg/lwjgl/vulkan/VkCommandBuffer;JLgithub/businessdirt/axite/vanadium/graph/SceneRenderGraph;ILorg/lwjgl/system/MemoryStack;)Lkotlin/Unit;+25
j  github.businessdirt.axite.vanadium.graph.SceneRenderGraph$$Lambda+0x000000002125c310.invoke(Ljava/lang/Object;)Ljava/lang/Object;+20
j  github.businessdirt.axite.vanadium.utils.MemoryUtilsKt.memoryStack(Lkotlin/jvm/functions/Function1;)Ljava/lang/Object;+30
j  github.businessdirt.axite.vanadium.graph.SceneRenderGraph.render(Lgithub/businessdirt/axite/vanadium/platform/vulkan/command/CommandBuffer;I)V+40
j  github.businessdirt.axite.vanadium.graph.RenderGraph.render()V+177
j  github.businessdirt.axite.vanadium.Vanadium.run(Lgithub/businessdirt/axite/vanadium/VanadiumAdapter;Lgithub/businessdirt/axite/vanadium/VanadiumConfig;)V+169
j  github.businessdirt.axite.vanadium.Vanadium.launch(Lkotlin/jvm/functions/Function0;)V+81
j  github.businessdirt.axite.vanadium.MainKt.main()V+8
j  github.businessdirt.axite.vanadium.MainKt.main([Ljava/lang/String;)V+0
v  ~StubRoutines::call_stub 0x0000027c2f9912ed

siginfo: EXCEPTION_ACCESS_VIOLATION (0xc0000005), reading address 0xffffffffffffffff


Registers:
RAX=0x26e126d95f4b5600, RBX=0x0000027c49ac8980, RCX=0x0000000000000002, RDX=0x0000027c4c3502e8
RSP=0x000000f0344fe860, RBP=0x000000f0344fe9d0, RSI=0x0000027c49f0f7e0, RDI=0x0000027c4c3502b8
R8 =0x0000000000000000, R9 =0x000000f0344fec28, R10=0x0000000000000003, R11=0x0000027c4c340ab0
R12=0x0000000000000000, R13=0x0000000000000400, R14=0x000000f0344fec28, R15=0x0000027cdc45da40
RIP=0x00007ff88002e5a5, EFLAGS=0x0000000000010202

XMM[0]=0x0000000000000000 0x0000000000000000
XMM[1]=0x0000000000000000 0x0000000000000000
XMM[2]=0x4e4e4e4e4e4e4e4e 0x4e4e4e4e4e4e4e4e
XMM[3]=0x0000027c4c2224c8 0x0000027c4c2224b0
XMM[4]=0x0000000000000000 0x0000000000000000
XMM[5]=0x0000000000000000 0x0000000000000000
XMM[6]=0xa74594e1477f0fd6 0x351b734c4789fad8
XMM[7]=0x501512af1fce15f9 0xe14fd9ee7c97227f
XMM[8]=0xcee5ee4c0e1d77a5 0xb76c25743b68cd3d
XMM[9]=0x060e196ea586143f 0x5120ff6c12573cf1
XMM[10]=0x31d6c0c431d6c0c4 0x31d6c0c4abf9412a
XMM[11]=0x0000000000000000 0x000000007a228066
XMM[12]=0x0f3bf6a50f3bf6a5 0x0f3bf6a5bb3537cf
XMM[13]=0x0000000000000000 0x00000000abf9412a
XMM[14]=0x0000000000000000 0x0000000000000000
XMM[15]=0x0000000000000000 0x0000000000000000
  MXCSR=0x00001fa2


Register to memory mapping:

RAX=0x26e126d95f4b5600 is an unknown value
RBX=0x0000027c49ac8980 points into unknown readable memory: 0x00007ff880eda890 | 90 a8 ed 80 f8 7f 00 00
RCX=0x0000000000000002 is an unknown value
RDX=0x0000027c4c3502e8 points into unknown readable memory: 0x0000000200000000 | 00 00 00 00 02 00 00 00
RSP=0x000000f0344fe860 is pointing into the stack for thread: 0x0000027c1d965c10
RBP=0x000000f0344fe9d0 is pointing into the stack for thread: 0x0000027c1d965c10
RSI=0x0000027c49f0f7e0 points into unknown readable memory: 0x00007ff880be5a08 | 08 5a be 80 f8 7f 00 00
RDI=0x0000027c4c3502b8 points into unknown readable memory: 0x000000003b9f9492 | 92 94 9f 3b 00 00 00 00
R8 =0x0 is null
R9 =0x000000f0344fec28 is pointing into the stack for thread: 0x0000027c1d965c10
R10=0x0000000000000003 is an unknown value
R11=0x0000027c4c340ab0 points into unknown readable memory: 0x0000090000000009 | 09 00 00 00 00 09 00 00
R12=0x0 is null
R13=0x0000000000000400 is an unknown value
R14=0x000000f0344fec28 is pointing into the stack for thread: 0x0000027c1d965c10
R15=0x0000027cdc45da40 points into unknown readable memory: 0x00007ff880ed9bd0 | d0 9b ed 80 f8 7f 00 00

Top of Stack: (sp=0x000000f0344fe860)
0x000000f0344fe860:   000000f00000000f 0000017c0000009e   ............|...
0x000000f0344fe870:   ffffffff000001f8 0000000000000000   ................
0x000000f0344fe880:   0000000000000000 00007ff8800232f8   .........2......
0x000000f0344fe890:   0000017c0000009e ffffffff000001dd   ....|...........
0x000000f0344fe8a0:   0000027cdc45da40 0000000000000000   @.E.|...........
0x000000f0344fe8b0:   0000000000000000 0000000000000000   ................
0x000000f0344fe8c0:   000000f0344fec70 00007ff88002f680   p.O4............
0x000000f0344fe8d0:   0000000000000000 0000027c4c3502b8   ..........5L|...
0x000000f0344fe8e0:   0000000000000000 000000f0344feaa0   ..........O4....
0x000000f0344fe8f0:   000000f0344fea10 000000f0344fec20   ..O4.... .O4....
0x000000f0344fe900:   0000027c00000007 0000027c493b7ec0   ....|....~;I|...
0x000000f0344fe910:   0000000000000000 0000027c4c830e90   ...........L|...
0x000000f0344fe920:   0000000000000000 00007ff81050f945   ........E.P.....
0x000000f0344fe930:   0000000101000000 0001010000000101   ................
0x000000f0344fe940:   0000000001010000 0000000000000000   ................
0x000000f0344fe950:   0000000000000000 0000000000000000   ................
0x000000f0344fe960:   00007ff800000000 0000000000000000   ................
0x000000f0344fe970:   0000000000000000 0000000000000000   ................
0x000000f0344fe980:   0000000000000000 0000000000000000   ................
0x000000f0344fe990:   0000000000000000 0000000000000000   ................
0x000000f0344fe9a0:   0000000000000000 0000000000000000   ................
0x000000f0344fe9b0:   0000000000000000 0000000000000000   ................
0x000000f0344fe9c0:   0000000000000000 0000000000000000   ................
0x000000f0344fe9d0:   0000000000000000 0000000000000000   ................
0x000000f0344fe9e0:   0000000000000000 00000b0000000000   ................
0x000000f0344fe9f0:   0000000000000000 0000000200000000   ................
0x000000f0344fea00:   0000000000000000 0000000000000001   ................
0x000000f0344fea10:   0000000000000000 0000000101000000   ................
0x000000f0344fea20:   0001010000000101 0000000001010000   ................
0x000000f0344fea30:   0000000000000000 0000000000000000   ................
0x000000f0344fea40:   0000000000000000 0000000000000000   ................
0x000000f0344fea50:   0000000000000000 0000000000000000   ................

Instructions: (pc=0x00007ff88002e5a5)
  0x00007ff88002e4a5:   00 00 49 8b b0 e8 0e 00 00 44 39 a6 f8 52 02 00
  0x00007ff88002e4b5:   0f 84 3b 02 00 00 e8 c0 da 02 00 a8 03 75 12 8b
  0x00007ff88002e4c5:   86 f8 52 02 00 83 e8 03 83 f8 01 0f 87 20 02 00
  0x00007ff88002e4d5:   00 f6 83 32 03 00 00 02 48 8d 57 30 74 05 44 39
  0x00007ff88002e4e5:   22 74 0e 44 39 a3 3c 01 00 00 74 0f 44 39 22 75
  0x00007ff88002e4f5:   0a 41 c6 46 03 01 e9 f6 01 00 00 49 8b 47 50 48
  0x00007ff88002e505:   8b 88 e8 00 00 00 44 39 a1 1c 0b 00 00 74 11 8b
  0x00007ff88002e515:   47 34 39 02 0f 84 d7 01 00 00 48 8d 47 30 eb 03
  0x00007ff88002e525:   48 8b c2 8b 0a 85 c9 74 08 48 8b d0 83 f9 08 75
  0x00007ff88002e535:   07 41 c6 46 04 01 8b 0a 44 39 a3 78 05 00 00 74
  0x00007ff88002e545:   26 8d 41 ff a9 fa ff ff ff 75 05 83 f9 02 75 17
  0x00007ff88002e555:   8b 4f 34 8d 41 ff a9 fa ff ff ff 75 0a 83 f9 02
  0x00007ff88002e565:   74 05 41 c6 46 05 01 44 39 67 30 0f 85 80 01 00
  0x00007ff88002e575:   00 44 38 a3 4a 05 00 00 0f 84 73 01 00 00 44 39
  0x00007ff88002e585:   a3 78 05 00 00 75 12 44 39 a3 30 01 00 00 77 09
  0x00007ff88002e595:   44 38 a3 48 05 00 00 74 6c 48 8b 83 38 03 00 00
=>0x00007ff88002e5a5:   83 b8 00 02 00 00 7f 75 5c 48 8b 9c 24 90 00 00
  0x00007ff88002e5b5:   00 48 be 00 00 00 00 08 00 00 00 66 41 c7 46 01
  0x00007ff88002e5c5:   01 01 4d 8b cd 49 8b cf c6 83 d0 00 00 00 01 48
  0x00007ff88002e5d5:   8d 43 08 4c 8b 47 28 48 8b 57 18 49 0f ba e8 0a
  0x00007ff88002e5e5:   48 89 44 24 38 8b 47 3c 89 44 24 30 8b 47 38 89
  0x00007ff88002e5f5:   44 24 28 48 89 74 24 20 e8 be 53 00 00 48 09 33
  0x00007ff88002e605:   e9 ec 00 00 00 8b 86 58 01 00 00 a9 00 8e 1f 18
  0x00007ff88002e615:   75 1a a9 c0 bf fa 07 74 13 8b 86 f8 52 02 00 ff
  0x00007ff88002e625:   c8 a9 fd ff ff ff 0f 85 c5 00 00 00 48 89 6c 24
  0x00007ff88002e635:   70 48 be 00 00 00 00 08 00 00 00 48 8b ac 24 90
  0x00007ff88002e645:   00 00 00 48 09 75 00 49 8b 47 50 48 8b 88 e8 00
  0x00007ff88002e655:   00 00 44 39 a3 78 05 00 00 75 12 44 39 a3 30 01
  0x00007ff88002e665:   00 00 77 09 44 38 a3 48 05 00 00 74 0e 48 8b 83
  0x00007ff88002e675:   38 03 00 00 44 8b a0 00 02 00 00 48 8b 89 08 01
  0x00007ff88002e685:   00 00 41 8b d4 e8 71 f2 f7 ff 48 8b c8 48 8d 5d
  0x00007ff88002e695:   08 e8 d5 e2 f7 ff 48 89 5c 24 38 4d 8b cd 49 8b


Stack slot to memory mapping:

stack at sp + 0 slots: 0x000000f00000000f is an unknown value
stack at sp + 1 slots: 0x0000017c0000009e is an unknown value
stack at sp + 2 slots: 0xffffffff000001f8 is an unknown value
stack at sp + 3 slots: 0x0 is null
stack at sp + 4 slots: 0x0 is null
stack at sp + 5 slots: 0x00007ff8800232f8 nvoglv64.dll
stack at sp + 6 slots: 0x0000017c0000009e is an unknown value
stack at sp + 7 slots: 0xffffffff000001dd is an unknown value

Lock stack of current Java thread (top to bottom):

--------------------------------------------------------------------------------
Decoding CodeBlob, name: nep_invoker_blob, at  [0x0000027c2fc11060, 0x0000027c2fc11158]  248 bytes
[MachCode]
  0x0000027c2fc11060: 5548 8bec | 4883 ec20 | c5f8 7749 | 89af 3804 | 0000 49ba | 6810 c12f | 7c02 0000 | 4d89 9730 
  0x0000027c2fc11080: 0400 0049 | 89a7 2804 | 0000 41c7 | 87d4 0400 | 0004 0000 | 004c 8bd2 | 498b d149 | 8bc8 41ff 
  0x0000027c2fc110a0: d2c5 f877 | 41c7 87d4 | 0400 0005 | 0000 00f0 | 8344 24c0 | 0049 3b6f | 280f 874d | 0000 0041 
  0x0000027c2fc110c0: 83bf d004 | 0000 000f | 853f 0000 | 0041 c787 | d404 0000 | 0800 0000 | 4183 bf50 | 0500 0002 
  0x0000027c2fc110e0: 0f84 4b00 | 0000 49c7 | 8728 0400 | 0000 0000 | 0049 c787 | 3804 0000 | 0000 0000 | 49c7 8730 
  0x0000027c2fc11100: 0400 0000 | 0000 00c5 | f877 c9c3 | 498b cfc5 | f877 4c8b | e448 83ec | 2048 83e4 | f048 b8a0 
  0x0000027c2fc11120: ac75 11f8 | 7f00 00ff | d049 8be4 | 4d33 e4eb | 9cc5 f877 | 4c8b e448 | 83ec 2048 | 83e4 f048 
  0x0000027c2fc11140: b810 f7ae | 11f8 7f00 | 00ff d049 | 8be4 4d33 | e4eb 93f4 | f4f4 f4f4 
[/MachCode]
--------------------------------------------------------------------------------


---------------  P R O C E S S  ---------------

Threads class SMR info:
_java_thread_list=0x0000027c497d2a60, length=11, elements={
0x0000027c1d965c10, 0x0000027c418f2a20, 0x0000027c418f52c0, 0x0000027c418f9010,
0x0000027c418f9bd0, 0x0000027c418fbc00, 0x0000027c418fdd60, 0x0000027c41909a40,
0x0000027c4190d970, 0x0000027c442d3290, 0x0000027c442ec520
}

Java Threads: ( => current thread )
=>0x0000027c1d965c10 JavaThread "main"                              [_thread_in_native, id=20448, stack(0x000000f034400000,0x000000f034500000) (1024K)]
  0x0000027c418f2a20 JavaThread "Reference Handler"          daemon [_thread_blocked, id=15568, stack(0x000000f034c00000,0x000000f034d00000) (1024K)]
  0x0000027c418f52c0 JavaThread "Finalizer"                  daemon [_thread_blocked, id=15520, stack(0x000000f034d00000,0x000000f034e00000) (1024K)]
  0x0000027c418f9010 JavaThread "Signal Dispatcher"          daemon [_thread_blocked, id=20624, stack(0x000000f034e00000,0x000000f034f00000) (1024K)]
  0x0000027c418f9bd0 JavaThread "Attach Listener"            daemon [_thread_blocked, id=19912, stack(0x000000f034f00000,0x000000f035000000) (1024K)]
  0x0000027c418fbc00 JavaThread "Service Thread"             daemon [_thread_blocked, id=10608, stack(0x000000f035000000,0x000000f035100000) (1024K)]
  0x0000027c418fdd60 JavaThread "Monitor Deflation Thread"   daemon [_thread_blocked, id=18580, stack(0x000000f035100000,0x000000f035200000) (1024K)]
  0x0000027c41909a40 JavaThread "C2 CompilerThread0"         daemon [_thread_blocked, id=1168, stack(0x000000f035200000,0x000000f035300000) (1024K)]
  0x0000027c4190d970 JavaThread "C1 CompilerThread0"         daemon [_thread_blocked, id=2336, stack(0x000000f035300000,0x000000f035400000) (1024K)]
  0x0000027c442d3290 JavaThread "Notification Thread"        daemon [_thread_blocked, id=2264, stack(0x000000f035400000,0x000000f035500000) (1024K)]
  0x0000027c442ec520 JavaThread "Common-Cleaner"             daemon [_thread_blocked, id=1676, stack(0x000000f035500000,0x000000f035600000) (1024K)]
Total: 11

Other Threads:
  0x0000027c418df3e0 VMThread "VM Thread"                           [id=19420, stack(0x000000f034b00000,0x000000f034c00000) (1024K)]
  0x0000027c417aab10 WatcherThread "VM Periodic Task Thread"        [id=4944, stack(0x000000f034a00000,0x000000f034b00000) (1024K)]
  0x0000027c1fc8dbd0 WorkerThread "GC Thread#0"                     [id=8284, stack(0x000000f034500000,0x000000f034600000) (1024K)]
  0x0000027c44ea0050 WorkerThread "GC Thread#1"                     [id=16316, stack(0x000000f035700000,0x000000f035800000) (1024K)]
  0x0000027c44ea1e80 WorkerThread "GC Thread#2"                     [id=20128, stack(0x000000f035800000,0x000000f035900000) (1024K)]
  0x0000027c44ea2fc0 WorkerThread "GC Thread#3"                     [id=20032, stack(0x000000f035900000,0x000000f035a00000) (1024K)]
  0x0000027c44ea22d0 WorkerThread "GC Thread#4"                     [id=15228, stack(0x000000f035a00000,0x000000f035b00000) (1024K)]
  0x0000027c44ea2720 WorkerThread "GC Thread#5"                     [id=21288, stack(0x000000f035b00000,0x000000f035c00000) (1024K)]
  0x0000027c44ea2b70 WorkerThread "GC Thread#6"                     [id=10112, stack(0x000000f035c00000,0x000000f035d00000) (1024K)]
  0x0000027c44ea04a0 WorkerThread "GC Thread#7"                     [id=17640, stack(0x000000f035d00000,0x000000f035e00000) (1024K)]
  0x0000027c4174c020 ConcurrentGCThread "G1 Main Marker"            [id=12680, stack(0x000000f034600000,0x000000f034700000) (1024K)]
  0x0000027c1fc9c8a0 WorkerThread "G1 Conc#0"                       [id=4568, stack(0x000000f034700000,0x000000f034800000) (1024K)]
  0x0000027cdc35d3c0 WorkerThread "G1 Conc#1"                       [id=840, stack(0x000000f037000000,0x000000f037100000) (1024K)]
  0x0000027c4179af30 ConcurrentGCThread "G1 Refine#0"               [id=19864, stack(0x000000f034800000,0x000000f034900000) (1024K)]
  0x0000027c4179bb40 ConcurrentGCThread "G1 Service"                [id=16392, stack(0x000000f034900000,0x000000f034a00000) (1024K)]
Total: 15

Threads with active compile tasks:
Total: 0

VM state: not at safepoint (normal execution)

VM Mutex/Monitor currently owned by a thread: None

Heap address: 0x0000000601400000, size: 8172 MB, Compressed Oops mode: Zero based, Oop shift amount: 3

CDS archive(s) mapped at: [0x0000000020000000-0x0000000020dd0000-0x0000000020dd0000), size 14483456, SharedBaseAddress: 0x0000000020000000, ArchiveRelocationMode: 1.
Compressed class space mapped at: 0x0000000021000000-0x0000000061000000, reserved size: 1073741824
UseCompressedClassPointers 1, UseCompactObjectHeaders 0
Narrow klass pointer bits 32, Max shift 3
Narrow klass base: 0x0000000020000000, Narrow klass shift: 0
Encoding Range: [0x0000000020000000 - 0x0000000120000000), (4294967296 bytes)
Klass Range:    [0x0000000020010000 - 0x0000000061000000), (1090453504 bytes)
Klass ID Range:  [65536 - 1090519033) (1090453497)
Protection zone: [0x0000000020000000 - 0x0000000020010000), (65536 bytes)

GC Precious Log:
 CardTable entry size: 512
 Card Set container configuration: InlinePtr #cards 4 size 8 Array Of Cards #cards 32 size 80 Howl #buckets 8 coarsen threshold 7372 Howl Bitmap #cards 1024 size 144 coarsen threshold 921 Card regions per heap region 1 cards per card region 8192
 CPUs: 8 total, 8 available
 Memory: 32684M
 Large Page Support: Disabled
 NUMA Support: Disabled
 Compressed Oops: Enabled (Zero based)
 Heap Region Size: 4M
 Heap Min Capacity: 8M
 Heap Initial Capacity: 512M
 Heap Max Capacity: 8172M
 Pre-touch: Disabled
 Parallel Workers: 8
 Concurrent Workers: 2
 Concurrent Refinement Workers: 8
 Periodic GC: Disabled

Heap:
 garbage-first heap   total reserved 8368128K, committed 40960K, used 13459K [0x0000000601400000, 0x0000000800000000)
  region size 4096K, 4 young (16384K), 2 survivors (8192K)

Heap Regions: E=young(eden), S=young(survivor), O=old, HS=humongous(starts), HC=humongous(continues), CS=collection set, F=free, TAMS=top-at-mark-start, PB=parsable bottom
|   0|0x0000000601400000, 0x0000000601400000, 0x0000000601800000|  0%| F|  |TAMS 0x0000000601400000| PB 0x0000000601400000| Untracked |  0
|   1|0x0000000601800000, 0x0000000601800000, 0x0000000601c00000|  0%| F|  |TAMS 0x0000000601800000| PB 0x0000000601800000| Untracked |  0
|   2|0x0000000601c00000, 0x0000000601c00000, 0x0000000602000000|  0%| F|  |TAMS 0x0000000601c00000| PB 0x0000000601c00000| Untracked |  0
|   3|0x0000000602000000, 0x0000000602000000, 0x0000000602400000|  0%| F|  |TAMS 0x0000000602000000| PB 0x0000000602000000| Untracked |  0
|   4|0x0000000602400000, 0x0000000602400000, 0x0000000602800000|  0%| F|  |TAMS 0x0000000602400000| PB 0x0000000602400000| Untracked |  0
|   5|0x0000000602800000, 0x0000000602a00000, 0x0000000602c00000| 50%| E|  |TAMS 0x0000000602800000| PB 0x0000000602800000| Complete |  0
| 117|0x000000061e800000, 0x000000061ec00000, 0x000000061ec00000|100%| S|CS|TAMS 0x000000061e800000| PB 0x000000061e800000| Complete |  0
| 118|0x000000061ec00000, 0x000000061f000000, 0x000000061f000000|100%| S|CS|TAMS 0x000000061ec00000| PB 0x000000061ec00000| Complete |  0
| 127|0x0000000621000000, 0x0000000621400000, 0x0000000621400000|100%| E|CS|TAMS 0x0000000621000000| PB 0x0000000621000000| Complete |  0
|2042|0x00000007ffc00000, 0x00000007ffd24ea8, 0x0000000800000000| 28%| O|Cm|TAMS 0x00000007ffc00000| PB 0x00000007ffc00000| Complete |  0

Card table byte_map: [0x0000027c38790000,0x0000027c39790000] _byte_map_base: 0x0000027c35786000

Marking Bits: (CMBitMap*) 0x0000027c1fc8e360
 Bits: [0x0000027c39790000, 0x0000027c41740000)

Polling page: 0x0000027c1f3b0000

Metaspace:
Metaspace        used 21462K, committed 22336K, reserved 1114112K
 class space     used 1964K, committed 2304K, reserved 1048576K

Usage:
  Non-class:     19.04 MB used.
      Class:      1.92 MB used.
       Both:     20.96 MB used.

Virtual space:
  Non-class space:       64.00 MB reserved,      19.56 MB ( 31%) committed,  1 nodes.
      Class space:        1.00 GB reserved,       2.25 MB ( <1%) committed,  1 nodes.
             Both:        1.06 GB reserved,      21.81 MB (  2%) committed. 

Chunk freelists:
   Non-Class:  11.91 MB
       Class:  13.59 MB
        Both:  25.50 MB

MaxMetaspaceSize: unlimited
CompressedClassSpaceSize: 1.00 GB
Initial GC threshold: 21.00 MB
Current GC threshold: 35.12 MB
CDS: on
 - commit_granule_bytes: 65536.
 - commit_granule_words: 8192.
 - virtual_space_node_default_size: 8388608.
 - enlarge_chunks_in_place: 1.
UseCompressedClassPointers 1, UseCompactObjectHeaders 0
Narrow klass pointer bits 32, Max shift 3
Narrow klass base: 0x0000000020000000, Narrow klass shift: 0
Encoding Range: [0x0000000020000000 - 0x0000000120000000), (4294967296 bytes)
Klass Range:    [0x0000000020010000 - 0x0000000061000000), (1090453504 bytes)
Klass ID Range:  [65536 - 1090519033) (1090453497)
Protection zone: [0x0000000020000000 - 0x0000000020010000), (65536 bytes)


Internal statistics:

num_allocs_failed_limit: 3.
num_arena_births: 1192.
num_arena_deaths: 0.
num_vsnodes_births: 2.
num_vsnodes_deaths: 0.
num_space_committed: 349.
num_space_uncommitted: 0.
num_chunks_returned_to_freelist: 3.
num_chunks_taken_from_freelist: 2140.
num_chunk_merges: 3.
num_chunk_splits: 1424.
num_chunks_enlarged: 852.
num_inconsistent_stats: 0.

CodeHeap 'non-profiled nmethods': size=120064Kb used=1243Kb max_used=1243Kb free=118820Kb
 bounds [0x0000027c2ff20000, 0x0000027c30190000, 0x0000027c37460000]
CodeHeap 'profiled nmethods': size=120000Kb used=5452Kb max_used=5452Kb free=114547Kb
 bounds [0x0000027c28460000, 0x0000027c289c0000, 0x0000027c2f990000]
CodeHeap 'non-nmethods': size=5696Kb used=2623Kb max_used=2639Kb free=3072Kb
 bounds [0x0000027c2f990000, 0x0000027c2fc40000, 0x0000027c2ff20000]
CodeCache: size=245760Kb, used=9318Kb, max_used=9334Kb, free=236439Kb
 total_blobs=5326, nmethods=3566, adapters=1638, full_count=0
Compilation: enabled, stopped_count=0, restarted_count=0

Compilation events (20 events):
Event: 4.191 Thread 0x0000027c4190d970 nmethod 3546 0x0000027c289ae508 code [0x0000027c289ae600, 0x0000027c289af660]
Event: 4.191 Thread 0x0000027c4190d970 3547       3       java.lang.invoke.MethodHandles$Lookup::getDirectMethodForConstant (72 bytes)
Event: 4.192 Thread 0x0000027c4190d970 nmethod 3547 0x0000027c289af688 code [0x0000027c289af780, 0x0000027c289b0d88]
Event: 4.192 Thread 0x0000027c4190d970 3551       3       java.util.ArrayDeque::push (6 bytes)
Event: 4.192 Thread 0x0000027c4190d970 nmethod 3551 0x0000027c289b0e08 code [0x0000027c289b0f00, 0x0000027c289b1050]
Event: 4.192 Thread 0x0000027c4190d970 3552       3       java.util.ArrayDeque::addFirst (51 bytes)
Event: 4.192 Thread 0x0000027c4190d970 nmethod 3552 0x0000027c289b1108 code [0x0000027c289b1200, 0x0000027c289b1680]
Event: 4.192 Thread 0x0000027c4190d970 3553       3       java.util.ArrayDeque::dec (13 bytes)
Event: 4.192 Thread 0x0000027c4190d970 nmethod 3553 0x0000027c289b1688 code [0x0000027c289b1780, 0x0000027c289b18a0]
Event: 4.192 Thread 0x0000027c4190d970 3554       3       java.util.ArrayDeque::pop (5 bytes)
Event: 4.192 Thread 0x0000027c4190d970 nmethod 3554 0x0000027c289b1988 code [0x0000027c289b1a80, 0x0000027c289b1d38]
Event: 4.192 Thread 0x0000027c4190d970 3555       3       java.util.ArrayDeque::removeFirst (19 bytes)
Event: 4.192 Thread 0x0000027c4190d970 nmethod 3555 0x0000027c289b1d88 code [0x0000027c289b1e80, 0x0000027c289b20d0]
Event: 4.193 Thread 0x0000027c4190d970 3559       3       java.lang.invoke.Invokers::basicInvoker (103 bytes)
Event: 4.193 Thread 0x0000027c41909a40 nmethod 3534 0x0000027c30054c88 code [0x0000027c30054da0, 0x0000027c30055d78]
Event: 4.193 Thread 0x0000027c41909a40 3535       4       java.lang.StringUTF16::compress (47 bytes)
Event: 4.193 Thread 0x0000027c4190d970 nmethod 3559 0x0000027c289b2108 code [0x0000027c289b2200, 0x0000027c289b3080]
Event: 4.196 Thread 0x0000027c41909a40 nmethod 3535 0x0000027c30055d88 code [0x0000027c30055e80, 0x0000027c300560f0]
Event: 4.196 Thread 0x0000027c41909a40 3536       4       java.lang.StringUTF16::length (5 bytes)
Event: 4.196 Thread 0x0000027c41909a40 nmethod 3536 0x0000027c30056108 code [0x0000027c30056200, 0x0000027c30056280]

GC Heap Usage History (4 events):
Event: 0.682 {heap Before GC invocations=0 (full 0):
 garbage-first heap   total reserved 8368128K, committed 528384K, used 46227K [0x0000000601400000, 0x0000000800000000)
  region size 4096K, 12 young (49152K), 0 survivors (0K)
}
Event: 0.685 {heap After GC invocations=1 (full 0):
 garbage-first heap   total reserved 8368128K, committed 528384K, used 7459K [0x0000000601400000, 0x0000000800000000)
  region size 4096K, 2 young (8192K), 2 survivors (8192K)
}
Event: 4.137 {heap Before GC invocations=1 (full 0):
 garbage-first heap   total reserved 8368128K, committed 528384K, used 36131K [0x0000000601400000, 0x0000000800000000)
  region size 4096K, 11 young (45056K), 2 survivors (8192K)
}
Event: 4.140 {heap After GC invocations=2 (full 0):
 garbage-first heap   total reserved 8368128K, committed 528384K, used 9363K [0x0000000601400000, 0x0000000800000000)
  region size 4096K, 2 young (8192K), 2 survivors (8192K)
}

Metaspace Usage History (4 events):
Event: 0.682 {metaspace Before GC invocations=0 (full 0):
 Metaspace       used 13471K, committed 13696K, reserved 1114112K
  class space    used 1223K, committed 1344K, reserved 1048576K
}
Event: 0.685 {metaspace After GC invocations=1 (full 0):
 Metaspace       used 13471K, committed 13696K, reserved 1114112K
  class space    used 1223K, committed 1344K, reserved 1048576K
}
Event: 4.137 {metaspace Before GC invocations=1 (full 0):
 Metaspace       used 20830K, committed 21504K, reserved 1114112K
  class space    used 1865K, committed 2176K, reserved 1048576K
}
Event: 4.140 {metaspace After GC invocations=2 (full 0):
 Metaspace       used 20830K, committed 21504K, reserved 1114112K
  class space    used 1865K, committed 2176K, reserved 1048576K
}

Dll operation events (9 events):
Event: 0.006 Loaded shared library D:\Dependencies\Java\openjdk-25.0.1\bin\java.dll
Event: 0.058 Loaded shared library D:\Dependencies\Java\openjdk-25.0.1\bin\net.dll
Event: 0.060 Loaded shared library D:\Dependencies\Java\openjdk-25.0.1\bin\nio.dll
Event: 0.062 Loaded shared library D:\Dependencies\Java\openjdk-25.0.1\bin\zip.dll
Event: 0.107 Loaded shared library D:\Dependencies\Java\openjdk-25.0.1\bin\jimage.dll
Event: 0.261 Loaded shared library D:\Dependencies\Java\openjdk-25.0.1\bin\management.dll
Event: 0.263 Loaded shared library D:\Dependencies\Java\openjdk-25.0.1\bin\management_ext.dll
Event: 1.179 Loaded shared library C:\Users\Maxi\AppData\Local\Temp\lwjgl_Maxi\3.4.1+2\x64\lwjgl.dll
Event: 1.623 Loaded shared library D:\Dependencies\Java\openjdk-25.0.1\bin\verify.dll

Deoptimization events (20 events):
Event: 1.929 Thread 0x0000027c1d965c10 DEOPT PACKING pc=0x0000027c30002ac8 sp=0x000000f0344fe780
Event: 1.929 Thread 0x0000027c1d965c10 DEOPT UNPACKING pc=0x0000027c2faafc02 sp=0x000000f0344fe740 mode 2
Event: 1.929 Thread 0x0000027c1d965c10 Uncommon trap: trap_request=0xffffffd6 fr.pc=0x0000027c30002ac8 relative=0x00000000000004c8
Event: 1.929 Thread 0x0000027c1d965c10 Uncommon trap: reason=array_check action=maybe_recompile pc=0x0000027c30002ac8 method=jdk.internal.classfile.impl.AttributeHolder.withAttribute(Ljava/lang/classfile/Attribute;)V @ 115 c2
Event: 1.929 Thread 0x0000027c1d965c10 DEOPT PACKING pc=0x0000027c30002ac8 sp=0x000000f0344fe380
Event: 1.929 Thread 0x0000027c1d965c10 DEOPT UNPACKING pc=0x0000027c2faafc02 sp=0x000000f0344fe340 mode 2
Event: 1.930 Thread 0x0000027c1d965c10 Uncommon trap: trap_request=0xffffff45 fr.pc=0x0000027c2ffab9f4 relative=0x0000000000000574
Event: 1.930 Thread 0x0000027c1d965c10 Uncommon trap: reason=unstable_if action=reinterpret pc=0x0000027c2ffab9f4 method=java.lang.ref.SoftReference.get()Ljava/lang/Object; @ 17 c2
Event: 1.930 Thread 0x0000027c1d965c10 DEOPT PACKING pc=0x0000027c2ffab9f4 sp=0x000000f0344fe240
Event: 1.930 Thread 0x0000027c1d965c10 DEOPT UNPACKING pc=0x0000027c2faafc02 sp=0x000000f0344fe010 mode 2
Event: 1.943 Thread 0x0000027c1d965c10 Uncommon trap: trap_request=0xffffff66 fr.pc=0x0000027c30006ce8 relative=0x00000000000006e8
Event: 1.943 Thread 0x0000027c1d965c10 Uncommon trap: reason=loop_limit_check action=maybe_recompile pc=0x0000027c30006ce8 method=jdk.internal.classfile.impl.AttributeHolder.withAttribute(Ljava/lang/classfile/Attribute;)V @ 39 c2
Event: 1.943 Thread 0x0000027c1d965c10 DEOPT PACKING pc=0x0000027c30006ce8 sp=0x000000f0344fe990
Event: 1.943 Thread 0x0000027c1d965c10 DEOPT UNPACKING pc=0x0000027c2faafc02 sp=0x000000f0344fe960 mode 2
Event: 1.976 Thread 0x0000027c1d965c10 DEOPT PACKING pc=0x0000027c2877e7a8 sp=0x000000f0344fab10
Event: 1.976 Thread 0x0000027c1d965c10 DEOPT UNPACKING pc=0x0000027c2f9e1702 sp=0x000000f0344f9f80 mode 0
Event: 3.500 Thread 0x0000027c1d965c10 DEOPT PACKING pc=0x0000027c2877e7a8 sp=0x000000f0344fe4f0
Event: 3.500 Thread 0x0000027c1d965c10 DEOPT UNPACKING pc=0x0000027c2f9e1702 sp=0x000000f0344fd960 mode 0
Event: 4.184 Thread 0x0000027c1d965c10 DEOPT PACKING pc=0x0000027c2877e7a8 sp=0x000000f0344fe380
Event: 4.184 Thread 0x0000027c1d965c10 DEOPT UNPACKING pc=0x0000027c2f9e1702 sp=0x000000f0344fd7f0 mode 0

Classes loaded (20 events):
Event: 1.945 Loading class jdk/internal/foreign/abi/UpcallStubs$1
Event: 1.945 Loading class jdk/internal/foreign/abi/UpcallStubs$1 done
Event: 1.945 Loading class jdk/internal/foreign/MemorySessionImpl$ResourceList$ResourceCleanup$1
Event: 1.945 Loading class jdk/internal/foreign/MemorySessionImpl$ResourceList$ResourceCleanup$1 done
Event: 1.968 Loading class jdk/internal/foreign/SegmentBulkOperations
Event: 1.968 Loading class jdk/internal/foreign/SegmentBulkOperations done
Event: 1.978 Loading class java/nio/DirectCharBufferU
Event: 2.687 Loading class java/nio/DirectCharBufferU done
Event: 2.706 Loading class jdk/internal/util/Architecture
Event: 2.713 Loading class jdk/internal/util/Architecture done
Event: 3.459 Loading class jdk/internal/foreign/abi/BindingSpecializer$1
Event: 3.459 Loading class jdk/internal/foreign/abi/BindingSpecializer$1 done
Event: 3.459 Loading class jdk/internal/foreign/abi/Binding$Cast$1
Event: 3.459 Loading class jdk/internal/foreign/abi/Binding$Cast$1 done
Event: 3.486 Loading class java/nio/DirectFloatBufferU
Event: 3.487 Loading class java/nio/DirectFloatBufferU done
Event: 3.500 Loading class java/io/NotSerializableException
Event: 3.500 Loading class java/io/NotSerializableException done
Event: 4.163 Loading class java/util/ArrayList$ListItr
Event: 4.163 Loading class java/util/ArrayList$ListItr done

Classes unloaded (0 events):
No events

Classes redefined (0 events):
No events

Internal exceptions (20 events):
Event: 4.172 Thread 0x0000027c1d965c10 Exception <a 'java/lang/NoSuchMethodError'{0x000000062131e920}: 'int java.lang.invoke.DirectMethodHandle$Holder.invokeStaticInit(java.lang.Object, java.lang.Object, java.lang.Object, long, long, int)'> (0x000000062131e920) 
thrown [s\open\src\hotspot\share\interpreter\linkResolver.cpp, line 804]
Event: 4.172 Thread 0x0000027c1d965c10 Exception <a 'java/lang/NoSuchMethodError'{0x000000062132ee18}: 'int java.lang.invoke.DelegatingMethodHandle$Holder.reinvoke_L(java.lang.Object, java.lang.Object, java.lang.Object, long, long, int)'> (0x000000062132ee18) 
thrown [s\open\src\hotspot\share\interpreter\linkResolver.cpp, line 804]
Event: 4.172 Thread 0x0000027c1d965c10 Exception <a 'java/lang/NoSuchMethodError'{0x000000062134fff0}: 'int java.lang.invoke.DirectMethodHandle$Holder.invokeSpecial(java.lang.Object, java.lang.Object, java.lang.Object, long, long, int)'> (0x000000062134fff0) 
thrown [s\open\src\hotspot\share\interpreter\linkResolver.cpp, line 804]
Event: 4.182 Thread 0x0000027c1d965c10 Exception <a 'java/lang/NoSuchMethodError'{0x0000000621392b90}: 'java.lang.Object java.lang.invoke.DirectMethodHandle$Holder.newInvokeSpecial(java.lang.Object, java.lang.Object, long, java.lang.Object, int)'> (0x0000000621392b90) 
thrown [s\open\src\hotspot\share\interpreter\linkResolver.cpp, line 804]
Event: 4.183 Thread 0x0000027c1d965c10 Exception <a 'java/lang/NoSuchMethodError'{0x000000062139b2d8}: 'java.lang.Object java.lang.invoke.DirectMethodHandle$Holder.invokeSpecial(java.lang.Object, java.lang.Object, java.lang.Object, long, java.lang.Object, int)'> (0x000000062139b2d8) 
thrown [s\open\src\hotspot\share\interpreter\linkResolver.cpp, line 804]
Event: 4.189 Thread 0x0000027c1d965c10 Exception <a 'java/lang/NoSuchMethodError'{0x00000006213f5e00}: 'void java.lang.invoke.DirectMethodHandle$Holder.invokeStatic(java.lang.Object, java.lang.Object, java.lang.Object, long)'> (0x00000006213f5e00) 
thrown [s\open\src\hotspot\share\interpreter\linkResolver.cpp, line 804]
Event: 4.189 Thread 0x0000027c1d965c10 Exception <a 'java/lang/NoSuchMethodError'{0x00000006213fdf50}: 'void java.lang.invoke.DirectMethodHandle$Holder.invokeStaticInit(java.lang.Object, java.lang.Object, java.lang.Object, long)'> (0x00000006213fdf50) 
thrown [s\open\src\hotspot\share\interpreter\linkResolver.cpp, line 804]
Event: 4.189 Thread 0x0000027c1d965c10 Exception <a 'java/lang/NoSuchMethodError'{0x000000060280ec40}: 'void java.lang.invoke.DelegatingMethodHandle$Holder.reinvoke_L(java.lang.Object, java.lang.Object, java.lang.Object, long)'> (0x000000060280ec40) 
thrown [s\open\src\hotspot\share\interpreter\linkResolver.cpp, line 804]
Event: 4.189 Thread 0x0000027c1d965c10 Exception <a 'java/lang/NoSuchMethodError'{0x000000060282f780}: 'void java.lang.invoke.DirectMethodHandle$Holder.invokeSpecial(java.lang.Object, java.lang.Object, java.lang.Object, long)'> (0x000000060282f780) 
thrown [s\open\src\hotspot\share\interpreter\linkResolver.cpp, line 804]
Event: 4.189 Thread 0x0000027c1d965c10 Exception <a 'java/lang/NoSuchMethodError'{0x00000006028374a0}: 'void java.lang.invoke.Invokers$Holder.invokeExact_MT(java.lang.Object, java.lang.Object, long, java.lang.Object)'> (0x00000006028374a0) 
thrown [s\open\src\hotspot\share\interpreter\linkResolver.cpp, line 804]
Event: 4.190 Thread 0x0000027c1d965c10 Exception <a 'java/lang/NoSuchMethodError'{0x000000060283fcd8}: 'void java.lang.invoke.DirectMethodHandle$Holder.invokeSpecial(java.lang.Object, java.lang.Object, long, long)'> (0x000000060283fcd8) 
thrown [s\open\src\hotspot\share\interpreter\linkResolver.cpp, line 804]
Event: 4.190 Thread 0x0000027c1d965c10 Exception <a 'java/lang/NoSuchMethodError'{0x0000000602847978}: 'void java.lang.invoke.Invokers$Holder.invokeExact_MT(java.lang.Object, long, long, java.lang.Object)'> (0x0000000602847978) 
thrown [s\open\src\hotspot\share\interpreter\linkResolver.cpp, line 804]
Event: 4.191 Thread 0x0000027c1d965c10 Exception <a 'java/lang/NoSuchMethodError'{0x00000006028643b8}: 'java.lang.Object java.lang.invoke.DirectMethodHandle$Holder.newInvokeSpecial(java.lang.Object, java.lang.Object, java.lang.Object, java.lang.Object, int)'> (0x00000006028643b8) 
thrown [s\open\src\hotspot\share\interpreter\linkResolver.cpp, line 804]
Event: 4.191 Thread 0x0000027c1d965c10 Exception <a 'java/lang/NoSuchMethodError'{0x000000060286c448}: 'java.lang.Object java.lang.invoke.Invokers$Holder.linkToTargetMethod(java.lang.Object, java.lang.Object, java.lang.Object, int, java.lang.Object)'> (0x000000060286c448) 
thrown [s\open\src\hotspot\share\interpreter\linkResolver.cpp, line 804]
Event: 4.192 Thread 0x0000027c1d965c10 Exception <a 'java/lang/NoSuchMethodError'{0x0000000602893808}: 'int java.lang.invoke.DirectMethodHandle$Holder.invokeStaticInit(java.lang.Object, java.lang.Object, java.lang.Object, long, int, long)'> (0x0000000602893808) 
thrown [s\open\src\hotspot\share\interpreter\linkResolver.cpp, line 804]
Event: 4.192 Thread 0x0000027c1d965c10 Exception <a 'java/lang/NoSuchMethodError'{0x00000006028a3d00}: 'int java.lang.invoke.DelegatingMethodHandle$Holder.reinvoke_L(java.lang.Object, java.lang.Object, java.lang.Object, long, int, long)'> (0x00000006028a3d00) 
thrown [s\open\src\hotspot\share\interpreter\linkResolver.cpp, line 804]
Event: 4.193 Thread 0x0000027c1d965c10 Exception <a 'java/lang/NoSuchMethodError'{0x00000006028c4e38}: 'int java.lang.invoke.DirectMethodHandle$Holder.invokeSpecial(java.lang.Object, java.lang.Object, java.lang.Object, long, int, long)'> (0x00000006028c4e38) 
thrown [s\open\src\hotspot\share\interpreter\linkResolver.cpp, line 804]
Event: 4.197 Thread 0x0000027c1d965c10 Exception <a 'java/lang/NoSuchMethodError'{0x000000060292e438}: 'java.lang.Object java.lang.invoke.DirectMethodHandle$Holder.newInvokeSpecial(java.lang.Object, java.lang.Object, java.lang.Object, int, java.lang.Object)'> (0x000000060292e438) 
thrown [s\open\src\hotspot\share\interpreter\linkResolver.cpp, line 804]
Event: 4.197 Thread 0x0000027c1d965c10 Exception <a 'java/lang/NoSuchMethodError'{0x0000000602936a60}: 'java.lang.Object java.lang.invoke.DirectMethodHandle$Holder.invokeSpecial(java.lang.Object, java.lang.Object, java.lang.Object, java.lang.Object, int, java.lang.Object)'> (0x0000000602936a60) 
thrown [s\open\src\hotspot\share\interpreter\linkResolver.cpp, line 804]
Event: 4.197 Thread 0x0000027c1d965c10 Exception <a 'java/lang/NoSuchMethodError'{0x000000060293e910}: 'java.lang.Object java.lang.invoke.Invokers$Holder.linkToTargetMethod(java.lang.Object, java.lang.Object, int, java.lang.Object, java.lang.Object)'> (0x000000060293e910) 
thrown [s\open\src\hotspot\share\interpreter\linkResolver.cpp, line 804]

VM Operations (20 events):
Event: 1.276 Executing non-safepoint VM operation: HandshakeAllThreads (Deoptimize)
Event: 1.276 Executing non-safepoint VM operation: HandshakeAllThreads (Deoptimize) done
Event: 1.290 Executing non-safepoint VM operation: HandshakeAllThreads (Deoptimize)
Event: 1.290 Executing non-safepoint VM operation: HandshakeAllThreads (Deoptimize) done
Event: 1.702 Executing non-safepoint VM operation: HandshakeAllThreads (Deoptimize)
Event: 1.702 Executing non-safepoint VM operation: HandshakeAllThreads (Deoptimize) done
Event: 1.753 Executing non-safepoint VM operation: HandshakeAllThreads (Deoptimize)
Event: 1.753 Executing non-safepoint VM operation: HandshakeAllThreads (Deoptimize) done
Event: 1.935 Executing non-safepoint VM operation: HandshakeAllThreads (Deoptimize)
Event: 1.935 Executing non-safepoint VM operation: HandshakeAllThreads (Deoptimize) done
Event: 1.935 Executing non-safepoint VM operation: HandshakeAllThreads (Deoptimize)
Event: 1.935 Executing non-safepoint VM operation: HandshakeAllThreads (Deoptimize) done
Event: 4.137 Executing safepoint VM operation: CollectForMetadataAllocation (Metadata GC Threshold)
Event: 4.140 Executing safepoint VM operation: CollectForMetadataAllocation (Metadata GC Threshold) done
Event: 4.145 Executing safepoint VM operation: G1PauseRemark
Event: 4.146 Executing safepoint VM operation: G1PauseRemark done
Event: 4.147 Executing safepoint VM operation: G1PauseCleanup
Event: 4.147 Executing safepoint VM operation: G1PauseCleanup done
Event: 4.163 Executing non-safepoint VM operation: HandshakeAllThreads (Deoptimize)
Event: 4.163 Executing non-safepoint VM operation: HandshakeAllThreads (Deoptimize) done

Memory protections (0 events):
No events

Nmethod flushes (0 events):
No events

Events (20 events):
Event: 0.026 Thread 0x0000027c1d965c10 Thread added: 0x0000027c418f2a20
Event: 0.026 Thread 0x0000027c1d965c10 Thread added: 0x0000027c418f52c0
Event: 0.026 Thread 0x0000027c1d965c10 Thread added: 0x0000027c418f9010
Event: 0.026 Thread 0x0000027c1d965c10 Thread added: 0x0000027c418f9bd0
Event: 0.026 Thread 0x0000027c1d965c10 Thread added: 0x0000027c418fbc00
Event: 0.026 Thread 0x0000027c1d965c10 Thread added: 0x0000027c418fdd60
Event: 0.026 Thread 0x0000027c1d965c10 Thread added: 0x0000027c41909a40
Event: 0.026 Thread 0x0000027c1d965c10 Thread added: 0x0000027c4190d970
Event: 0.053 Thread 0x0000027c1d965c10 Thread added: 0x0000027c442d3290
Event: 0.055 Thread 0x0000027c1d965c10 Thread added: 0x0000027c442ec520
Event: 0.072 Thread 0x0000027c4190d970 Thread added: 0x0000027c44373380
Event: 1.695 Thread 0x0000027c4190d970 Thread added: 0x0000027c49748150
Event: 1.874 Thread 0x0000027c49748150 Thread exited: 0x0000027c49748150
Event: 1.874 Thread 0x0000027c44373380 Thread exited: 0x0000027c44373380
Event: 1.886 Thread 0x0000027c4190d970 Thread added: 0x0000027c498c4280
Event: 2.688 Thread 0x0000027c498c4280 Thread exited: 0x0000027c498c4280
Event: 3.458 Thread 0x0000027c4190d970 Thread added: 0x0000027c49cf50e0
Event: 3.458 Thread 0x0000027c4190d970 Thread added: 0x0000027c49fccd50
Event: 3.906 Thread 0x0000027c49fccd50 Thread exited: 0x0000027c49fccd50
Event: 3.906 Thread 0x0000027c49cf50e0 Thread exited: 0x0000027c49cf50e0


Dynamic libraries:
0x00007ff61b1d0000 - 0x00007ff61b1de000 	D:\Dependencies\Java\openjdk-25.0.1\bin\java.exe
0x00007ff8de980000 - 0x00007ff8debe3000 	C:\WINDOWS\SYSTEM32\ntdll.dll
0x00007ff8dd070000 - 0x00007ff8dd137000 	C:\WINDOWS\System32\KERNEL32.DLL
0x00007ff8dc3a0000 - 0x00007ff8dc741000 	C:\WINDOWS\System32\KERNELBASE.dll
0x00007ff8dbd90000 - 0x00007ff8dbedb000 	C:\WINDOWS\System32\ucrtbase.dll
0x00007ff86f000000 - 0x00007ff86f017000 	D:\Dependencies\Java\openjdk-25.0.1\bin\jli.dll
0x00007ff883980000 - 0x00007ff88399e000 	D:\Dependencies\Java\openjdk-25.0.1\bin\VCRUNTIME140.dll
0x00007ff8de770000 - 0x00007ff8de933000 	C:\WINDOWS\System32\USER32.dll
0x00007ff8dbee0000 - 0x00007ff8dbf07000 	C:\WINDOWS\System32\win32u.dll
0x00007ff8c32c0000 - 0x00007ff8c3550000 	C:\WINDOWS\WinSxS\amd64_microsoft.windows.common-controls_6595b64144ccf1df_6.0.26100.1591_none_3e0fac18e32dc903\COMCTL32.dll
0x00007ff8dd040000 - 0x00007ff8dd06a000 	C:\WINDOWS\System32\GDI32.dll
0x00007ff8dc270000 - 0x00007ff8dc391000 	C:\WINDOWS\System32\gdi32full.dll
0x00007ff8dcb40000 - 0x00007ff8dcbe9000 	C:\WINDOWS\System32\msvcrt.dll
0x00007ff8dc750000 - 0x00007ff8dc7f3000 	C:\WINDOWS\System32\msvcp_win.dll
0x00007ff8dceb0000 - 0x00007ff8dcedf000 	C:\WINDOWS\System32\IMM32.DLL
0x00007ff8799f0000 - 0x00007ff8799fc000 	D:\Dependencies\Java\openjdk-25.0.1\bin\vcruntime140_1.dll
0x00007ff812130000 - 0x00007ff8121bd000 	D:\Dependencies\Java\openjdk-25.0.1\bin\msvcp140.dll
0x00007ff8112d0000 - 0x00007ff81212f000 	D:\Dependencies\Java\openjdk-25.0.1\bin\server\jvm.dll
0x00007ff8dd440000 - 0x00007ff8dd4f2000 	C:\WINDOWS\System32\ADVAPI32.dll
0x00007ff8dcef0000 - 0x00007ff8dcf97000 	C:\WINDOWS\System32\sechost.dll
0x00007ff8dc8e0000 - 0x00007ff8dc9f6000 	C:\WINDOWS\System32\RPCRT4.dll
0x00007ff8dd990000 - 0x00007ff8dda04000 	C:\WINDOWS\System32\WS2_32.dll
0x00007ff8daa80000 - 0x00007ff8daace000 	C:\WINDOWS\SYSTEM32\POWRPROF.dll
0x00007ff8cefa0000 - 0x00007ff8cefd6000 	C:\WINDOWS\SYSTEM32\WINMM.dll
0x00007ff8d5520000 - 0x00007ff8d552b000 	C:\WINDOWS\SYSTEM32\VERSION.dll
0x00007ff8daa60000 - 0x00007ff8daa74000 	C:\WINDOWS\SYSTEM32\UMPDC.dll
0x00007ff8dad00000 - 0x00007ff8dad1a000 	C:\WINDOWS\SYSTEM32\kernel.appcore.dll
0x00007ff877fb0000 - 0x00007ff877fba000 	D:\Dependencies\Java\openjdk-25.0.1\bin\jimage.dll
0x00007ff8c5de0000 - 0x00007ff8c6021000 	C:\WINDOWS\SYSTEM32\DBGHELP.DLL
0x00007ff8de340000 - 0x00007ff8de6bc000 	C:\WINDOWS\System32\combase.dll
0x00007ff8dc800000 - 0x00007ff8dc8d6000 	C:\WINDOWS\System32\OLEAUT32.dll
0x00007ff8b4d50000 - 0x00007ff8b4d89000 	C:\WINDOWS\SYSTEM32\dbgcore.DLL
0x00007ff8dc050000 - 0x00007ff8dc0e9000 	C:\WINDOWS\System32\bcryptPrimitives.dll
0x00007ff86d230000 - 0x00007ff86d24f000 	D:\Dependencies\Java\openjdk-25.0.1\bin\java.dll
0x00007ff8dda10000 - 0x00007ff8ddba9000 	C:\WINDOWS\System32\ole32.dll
0x00007ff8ddc40000 - 0x00007ff8de336000 	C:\WINDOWS\System32\SHELL32.dll
0x00007ff8d9b80000 - 0x00007ff8da3aa000 	C:\WINDOWS\SYSTEM32\windows.storage.dll
0x00007ff8dd350000 - 0x00007ff8dd423000 	C:\WINDOWS\System32\SHCORE.dll
0x00007ff8de710000 - 0x00007ff8de76d000 	C:\WINDOWS\System32\shlwapi.dll
0x00007ff8dbcb0000 - 0x00007ff8dbcd9000 	C:\WINDOWS\SYSTEM32\profapi.dll
0x00007ff86c1d0000 - 0x00007ff86c1e2000 	D:\Dependencies\Java\openjdk-25.0.1\bin\net.dll
0x00007ff8db200000 - 0x00007ff8db268000 	C:\WINDOWS\system32\mswsock.dll
0x00007ff86c1b0000 - 0x00007ff86c1c6000 	D:\Dependencies\Java\openjdk-25.0.1\bin\nio.dll
0x00007ff86c1f0000 - 0x00007ff86c207000 	D:\Dependencies\Java\openjdk-25.0.1\bin\zip.dll
0x00007ff86d220000 - 0x00007ff86d22a000 	D:\Dependencies\Java\openjdk-25.0.1\bin\management.dll
0x00007ff8566d0000 - 0x00007ff8566dc000 	D:\Dependencies\Java\openjdk-25.0.1\bin\management_ext.dll
0x00007ff8dd430000 - 0x00007ff8dd438000 	C:\WINDOWS\System32\PSAPI.DLL
0x00007ff8d8e20000 - 0x00007ff8d8e38000 	C:\WINDOWS\system32\napinsp.dll
0x00007ff8da790000 - 0x00007ff8da8b0000 	C:\WINDOWS\SYSTEM32\DNSAPI.dll
0x00007ff8da6f0000 - 0x00007ff8da722000 	C:\WINDOWS\SYSTEM32\IPHLPAPI.DLL
0x00007ff8dcfb0000 - 0x00007ff8dcfba000 	C:\WINDOWS\System32\NSI.dll
0x00007ff8d89f0000 - 0x00007ff8d8a02000 	C:\WINDOWS\System32\winrnr.dll
0x00007ff8c5bb0000 - 0x00007ff8c5bd2000 	C:\WINDOWS\system32\nlansp_c.dll
0x00007ff8a9600000 - 0x00007ff8a9616000 	C:\WINDOWS\system32\wshbth.dll
0x00007ff8c8a00000 - 0x00007ff8c8a0b000 	C:\Windows\System32\rasadhlp.dll
0x00007ff8d5150000 - 0x00007ff8d51d6000 	C:\WINDOWS\System32\fwpuclnt.dll
0x00007ff856f40000 - 0x00007ff856fc4000 	C:\Users\Maxi\AppData\Local\Temp\lwjgl_Maxi\3.4.1+2\x64\lwjgl.dll
0x00007ff856b50000 - 0x00007ff856bda000 	C:\Users\Maxi\AppData\Local\Temp\lwjgl_Maxi\3.4.1+2\x64\glfw.dll
0x00007ff86e5d0000 - 0x00007ff86e5e0000 	D:\Dependencies\Java\openjdk-25.0.1\bin\verify.dll
0x00007ff856ef0000 - 0x00007ff856f3b000 	C:\WINDOWS\SYSTEM32\dinput8.dll
0x00007ff89dea0000 - 0x00007ff89deb2000 	C:\WINDOWS\SYSTEM32\xinput1_4.dll
0x00007ff8dba50000 - 0x00007ff8dbaa9000 	C:\WINDOWS\SYSTEM32\cfgmgr32.dll
0x00007ff8dba20000 - 0x00007ff8dba4d000 	C:\WINDOWS\SYSTEM32\DEVOBJ.dll
0x00007ff8d9610000 - 0x00007ff8d963e000 	C:\WINDOWS\SYSTEM32\dwmapi.dll
0x00007ff8c7ef0000 - 0x00007ff8c80cb000 	C:\WINDOWS\SYSTEM32\inputhost.dll
0x00007ff8d86f0000 - 0x00007ff8d8815000 	C:\WINDOWS\SYSTEM32\CoreMessaging.dll
0x00007ff8d9240000 - 0x00007ff8d92ed000 	C:\WINDOWS\system32\uxtheme.dll
0x00007ff8db4c0000 - 0x00007ff8db4cc000 	C:\WINDOWS\SYSTEM32\CRYPTBASE.DLL
0x00007ff8dd1f0000 - 0x00007ff8dd349000 	C:\WINDOWS\System32\MSCTF.dll
0x00007ff8569b0000 - 0x00007ff856b42000 	C:\WINDOWS\SYSTEM32\vulkan-1.dll
0x00007ff8d93d0000 - 0x00007ff8d94f0000 	C:\WINDOWS\system32\dxgi.dll
0x00007ff8d9370000 - 0x00007ff8d93c5000 	C:\WINDOWS\SYSTEM32\directxdatabasehelper.dll
0x00007ff8c5da0000 - 0x00007ff8c5dba000 	C:\WINDOWS\SYSTEM32\windows.staterepositorycore.dll
0x00007ff8d9320000 - 0x00007ff8d9360000 	C:\WINDOWS\SYSTEM32\dxcore.dll
0x00007ff87f190000 - 0x00007ff881ab5000 	C:\WINDOWS\System32\DriverStore\FileRepository\nvmdi.inf_amd64_47a93ea256b1ab85\nvoglv64.dll
0x00007ff8dd500000 - 0x00007ff8dd985000 	C:\WINDOWS\System32\SETUPAPI.dll
0x00007ff8d8ac0000 - 0x00007ff8d8ad5000 	C:\WINDOWS\SYSTEM32\WTSAPI32.dll
0x00007ff8db510000 - 0x00007ff8db523000 	C:\WINDOWS\SYSTEM32\msasn1.dll
0x00007ff8d4e20000 - 0x00007ff8d4e5b000 	C:\WINDOWS\SYSTEM32\cryptnet.dll
0x00007ff8dc0f0000 - 0x00007ff8dc266000 	C:\WINDOWS\System32\CRYPT32.dll
0x00007ff8db580000 - 0x00007ff8db5df000 	C:\WINDOWS\SYSTEM32\wldp.dll
0x00007ff8d4ca0000 - 0x00007ff8d4e10000 	C:\WINDOWS\SYSTEM32\drvstore.dll
0x00007ff8dbfd0000 - 0x00007ff8dc04a000 	C:\WINDOWS\System32\WINTRUST.dll
0x00007ff8dae20000 - 0x00007ff8dae55000 	C:\WINDOWS\SYSTEM32\ntmarta.dll
0x00007ff8dca60000 - 0x00007ff8dca80000 	C:\WINDOWS\System32\imagehlp.dll
0x00007ff8db4a0000 - 0x00007ff8db4bc000 	C:\WINDOWS\SYSTEM32\CRYPTSP.dll
0x00007ff8dac60000 - 0x00007ff8dac98000 	C:\WINDOWS\system32\rsaenh.dll
0x00007ff8db6f0000 - 0x00007ff8db716000 	C:\WINDOWS\SYSTEM32\bcrypt.dll
0x00007ff8cfe70000 - 0x00007ff8d4b6f000 	C:\WINDOWS\System32\DriverStore\FileRepository\nvmdi.inf_amd64_47a93ea256b1ab85\nvgpucomp64.dll
0x00007ff8dd140000 - 0x00007ff8dd1e8000 	C:\WINDOWS\System32\clbcatq.dll
0x00007ff8d5ab0000 - 0x00007ff8d5c18000 	C:\Windows\System32\WinTypes.dll
0x00007ff8bc5f0000 - 0x00007ff8bc629000 	C:\WINDOWS\SYSTEM32\rometadata.dll
0x00007ff8b99d0000 - 0x00007ff8b9b14000 	C:\WINDOWS\SYSTEM32\textinputframework.dll
0x00007ff8d4e60000 - 0x00007ff8d5143000 	C:\WINDOWS\SYSTEM32\CoreUIComponents.dll
0x00007ff8102b0000 - 0x00007ff8112cc000 	D:\Dependencies\VulkanSDK\1.4.321.1\Bin\VkLayer_khronos_validation.dll
0x00007ff884f30000 - 0x00007ff885077000 	C:\WINDOWS\system32\nvspcap64.dll
0x00007ff80a610000 - 0x00007ff8102af000 	C:\WINDOWS\System32\DriverStore\FileRepository\nvmdi.inf_amd64_47a93ea256b1ab85\nvrtum64.dll
0x00007ff8c5250000 - 0x00007ff8c57e6000 	C:\WINDOWS\SYSTEM32\nvapi64.dll
0x00007ff8c4f10000 - 0x00007ff8c4f9e000 	C:\Windows\System32\DispBroker.dll
0x00007ff8bce70000 - 0x00007ff8bce93000 	C:\WINDOWS\system32\d3d12.dll
0x00007ff84f040000 - 0x00007ff84f2b5000 	C:\WINDOWS\system32\D3D12Core.dll
0x00007ff8d5530000 - 0x00007ff8d55f4000 	C:\WINDOWS\System32\DriverStore\FileRepository\nvmdi.inf_amd64_47a93ea256b1ab85\nvldumdx.dll
0x00007ff8cefe0000 - 0x00007ff8cf110000 	C:\WINDOWS\System32\DriverStore\FileRepository\nvmdi.inf_amd64_47a93ea256b1ab85\NvMemMapStoragex.dll
0x00007ff8c9740000 - 0x00007ff8ce82e000 	C:\WINDOWS\System32\DriverStore\FileRepository\nvmdi.inf_amd64_47a93ea256b1ab85\nvwgf2umx.dll
0x00007ff897b80000 - 0x00007ff897d37000 	C:\WINDOWS\System32\DriverStore\FileRepository\nvmdi.inf_amd64_47a93ea256b1ab85\nvppex.dll
0x00007ff84c6f0000 - 0x00007ff84c71e000 	C:\WINDOWS\SYSTEM32\D3DSCache.dll
0x00007ff8db2a0000 - 0x00007ff8db2cb000 	C:\WINDOWS\SYSTEM32\USERENV.dll
0x00007ff8cf790000 - 0x00007ff8cf9bf000 	C:\WINDOWS\SYSTEM32\twinapi.appcore.dll
0x00007ff897d70000 - 0x00007ff897e7c000 	C:\WINDOWS\SYSTEM32\opengl32.dll
0x00007ff897d40000 - 0x00007ff897d6d000 	C:\WINDOWS\SYSTEM32\GLU32.dll
0x00007ff8d8070000 - 0x00007ff8d8290000 	C:\WINDOWS\SYSTEM32\dcomp.dll
0x00007ff8d6900000 - 0x00007ff8d6919000 	C:\WINDOWS\SYSTEM32\Microsoft.Internal.WarpPal.dll

JVMTI agents: none

dbghelp: loaded successfully - version: 4.0.5 - missing functions: none
symbol engine: initialized successfully - sym options: 0x614 - pdb path: .;D:\Dependencies\Java\openjdk-25.0.1\bin;C:\WINDOWS\SYSTEM32;C:\WINDOWS\WinSxS\amd64_microsoft.windows.common-controls_6595b64144ccf1df_6.0.26100.1591_none_3e0fac18e32dc903;D:\Dependencies\Java\openjdk-25.0.1\bin\server;C:\Users\Maxi\AppData\Local\Temp\lwjgl_Maxi\3.4.1+2\x64;C:\WINDOWS\System32\DriverStore\FileRepository\nvmdi.inf_amd64_47a93ea256b1ab85;D:\Dependencies\VulkanSDK\1.4.321.1\Bin

VM Arguments:
jvm_args: --enable-native-access=ALL-UNNAMED -Dfile.encoding=UTF-8 -Duser.country=DE -Duser.language=de -Duser.variant 
java_command: github.businessdirt.axite.vanadium.MainKt
java_class_path (initial): D:\Dev\java\Axite\vanadium\build\classes\java\sandbox;D:\Dev\java\Axite\vanadium\build\classes\kotlin\sandbox;D:\Dev\java\Axite\vanadium\build\generated\ksp\sandbox\classes;D:\Dev\java\Axite\vanadium\build\resources\sandbox;D:\Dev\java\Axite\events\build\libs\events-1.0.0.jar;D:\Dev\java\Axite\logging\build\libs\logging-1.0.0.jar;C:\Users\Maxi\.gradle\caches\modules-2\files-2.1\org.apache.logging.log4j\log4j-slf4j2-impl\2.25.3\8d1aca17817adb4a15720e64b98caf9cb3b2cc51\log4j-slf4j2-impl-2.25.3.jar;C:\Users\Maxi\.gradle\caches\modules-2\files-2.1\org.slf4j\slf4j-api\2.0.17\d9e58ac9c7779ba3bf8142aff6c830617a7fe60f\slf4j-api-2.0.17.jar;C:\Users\Maxi\.gradle\caches\modules-2\files-2.1\org.jetbrains.kotlin\kotlin-reflect\2.3.0\a723c4fbeeb7b48910a0f82b8ea826da1b17dd0b\kotlin-reflect-2.3.0.jar;C:\Users\Maxi\.gradle\caches\modules-2\files-2.1\org.joml\joml-primitives\1.10.0\b3ae3ae0dfee0bf5aef9f7964205cca0f3c6ea07\joml-primitives-1.10.0.jar;C:\Users\Maxi\.gradle\caches\modules-2\files-2.1\org.joml\joml\1.10.8\fc0a71dad90a2cf41d82a76156a0e700af8e4f8d\joml-1.10.8.jar;C:\Users\Maxi\.gradle\caches\modules-2\files-2.1\org.jetbrains.kotlin\kotlin-stdlib-jdk8\1.8.20\73576ddf378c5b4f1f6b449fe6b119b8183fc078\kotlin-stdlib-jdk8-1.8.20.jar;C:\Users\Maxi\.gradle\caches\modules-2\files-2.1\org.jetbrains.kotlin\kotlin-stdlib-jdk7\1.8.20\3aa51faf20aae8b31e1a4bc54f8370673d7b7df4\kotlin-stdlib-jdk7-1.8.20.jar;C:\Users\Maxi\.gradle\caches\modules-2\files-2.1\org.jetbrains.kotlin\kotlin-stdlib\2.3.0\ebc4eb2b6e6c91b6c844c1e3183920d86f2ef656\kotlin-stdlib-2.3.0.jar;C:\Users\Maxi\.gradle\caches\modules-2\files-2.1\org.lwjgl\lwjgl-assimp\3.4.1\e37483d7fafa5c797e1c95b8a06c5d595bcd7b40\lwjgl-assimp-3.4.1.jar;C:\Users\Maxi\.gradle\caches\modules-2\files-2.1\org.lwjgl\lwjgl-assimp\3.4.1\777f2092426f7ebc4a00e17a7b6fdf15b948bd91\lwjgl-assimp-3.4.1-natives-windows.jar;C:\Users\Maxi\.gradle\caches\modules-2\files-2.1\org.lwjgl\lwjgl-glfw\3.4.1\a782b1ddd175c9107bf300fd92920579ea65e2a4\lwjgl-glfw-3.4.1.jar;C:\Users\Maxi\.gradle\caches\modules-2\files-2.1\org.lwjgl\lwjgl-glfw\3.4.1\2eb4aa895ea190ba8cf4356f8cea24d3ebb40ea1\lwjgl-glfw-3.4.1-natives-windows.jar;C:\Users\Maxi\.gradle\caches\modules-2\files-2.1\org.lwjgl\lwjgl-openal\3.4.1\8508bd60589de0539aa465b78fcf838efd07ae9a\lwjgl-openal-3.4.1.jar;C:\Users\Maxi\.gradle\caches\modules-2\files-2.1\org.lwjgl\lwjgl-openal\3.4.1\8e83fdfdf65c80c9877c6fb6cb645d239ed7638\lwjgl-openal-3.4.1-natives-windows.jar;C:\Users\Maxi\.gradle\caches\modules-2\files-2.1\org.lwjgl\lwjgl-shaderc\3.4.1\5c02c88f0d879529014c78463b76f43fdecfd272\lwjgl-shaderc-3.4.1.jar;C:\Users\Maxi\.gradle\caches\modules-2\files-2.1\org.lwjgl\lwjgl-shaderc\3.4.1\daacbaeb2c1dfd00db83f4b7cc2c76901eb297bd\lwjgl-shaderc-3.4.1-natives-windows.jar;C:\Users\Maxi\.gradle\caches\modules-2\files-2.1\org.lwjgl\lwjgl-spvc\3.4.1\188553592e97b5ab2dba54a1b403ee80b48dad4c\lwjgl-spvc-3.4.1.jar;C:\Users\Maxi\.gradle\caches\modules-2\files-2.1\org.lwjgl\lwjgl-spvc\3.4.1\b7f14df71a9657103324101f61df09dcfb28cf28\lwjgl-spvc-3.4.1-natives-windows.jar;C:\Users\Maxi\.gradle\caches\modules-2\files-2.1\org.lwjgl\lwjgl-stb\3.4.1\f077c3dafc31924fbe8acb0b913f08977ba27f8e\lwjgl-stb-3.4.1.jar;C:\Users\Maxi\.gradle\caches\modules-2\files-2.1\org.lwjgl\lwjgl-stb\3.4.1\b4e13ece83c228ecf57354639d8555076a989d74\lwjgl-stb-3.4.1-natives-windows.jar;C:\Users\Maxi\.gradle\caches\modules-2\files-2.1\org.lwjgl\lwjgl-vma\3.4.1\2c54ce10154feb1ede4d23c5947438cdbfdcc003\lwjgl-vma-3.4.1.jar;C:\Users\Maxi\.gradle\caches\modules-2\files-2.1\org.lwjgl\lwjgl-vma\3.4.1\4f08490dbd8f9e08385c9f2040ff1f40c2a762d2\lwjgl-vma-3.4.1-natives-windows.jar;C:\Users\Maxi\.gradle\caches\modules-2\files-2.1\org.lwjgl\lwjgl-vulkan\3.4.1\d0601fdc38890755e5638048c14cc0f7b990964b\lwjgl-vulkan-3.4.1.jar;C:\Users\Maxi\.gradle\caches\modules-2\files-2.1\org.lwjgl\lwjgl\3.4.1\6105690714874b995aa7812e4f7732a21109276c\lwjgl-3.4.1.jar;C:\Users\Maxi\.gradle\caches\modules-2\files-2.1\org.lwjgl\lwjgl\3.4.1\96a217f0428ab73487f114a54179a4f41e851a04\lwjgl-3.4.1-natives-windows.jar;C:\Users\Maxi\.gradle\caches\modules-2\files-2.1\org.jetbrains\annotations\13.0\919f0dfe192fb4e063e7dacadee7f8bb9a2672a9\annotations-13.0.jar;C:\Users\Maxi\.gradle\caches\modules-2\files-2.1\org.apache.logging.log4j\log4j-core\2.25.3\dd9c8ecba5c8dc5e1574804d0bfdc1ef155ad9ea\log4j-core-2.25.3.jar;C:\Users\Maxi\.gradle\caches\modules-2\files-2.1\org.apache.logging.log4j\log4j-jul\2.25.3\8bba6d5a56f11931c218c016c96b740e238abbc\log4j-jul-2.25.3.jar;C:\Users\Maxi\.gradle\caches\modules-2\files-2.1\org.apache.logging.log4j\log4j-iostreams\2.25.3\e1e89cd84152e4078a2b7a2e5249ed9b38f6db8e\log4j-iostreams-2.25.3.jar;C:\Users\Maxi\.gradle\caches\modules-2\files-2.1\org.apache.logging.log4j\log4j-api\2.25.3\fb385330d89c2d61058ef649403f214633569205\log4j-api-2.25.3.jar;D:\Dev\java\Axite\vanadium\build\classes\java\main;D:\Dev\java\Axite\vanadium\build\classes\kotlin\main;D:\Dev\java\Axite\vanadium\build\generated\ksp\main\classes;D:\Dev\java\Axite\vanadium\build\resources\main
Launcher Type: SUN_STANDARD

[Global flags]
     intx CICompilerCount                          = 4                                         {product} {ergonomic}
     uint ConcGCThreads                            = 2                                         {product} {ergonomic}
     uint G1ConcRefinementThreads                  = 8                                         {product} {ergonomic}
   size_t G1HeapRegionSize                         = 4194304                                   {product} {ergonomic}
   size_t InitialHeapSize                          = 536870912                                 {product} {ergonomic}
   size_t MarkStackSize                            = 4194304                                   {product} {ergonomic}
   size_t MarkStackSizeMax                         = 536870912                                 {product} {ergonomic}
   size_t MaxHeapSize                              = 8568963072                                {product} {ergonomic}
   size_t MaxNewSize                               = 5138022400                                {product} {ergonomic}
   size_t MinHeapDeltaBytes                        = 4194304                                   {product} {ergonomic}
   size_t MinHeapSize                              = 8388608                                   {product} {ergonomic}
    uintx NonNMethodCodeHeapSize                   = 5832704                                {pd product} {ergonomic}
    uintx NonProfiledCodeHeapSize                  = 122945536                              {pd product} {ergonomic}
    uintx ProfiledCodeHeapSize                     = 122880000                              {pd product} {ergonomic}
    uintx ReservedCodeCacheSize                    = 251658240                              {pd product} {ergonomic}
     bool SegmentedCodeCache                       = true                                      {product} {ergonomic}
   size_t SoftMaxHeapSize                          = 8568963072                             {manageable} {ergonomic}
     bool UseCompressedOops                        = true                           {product lp64_product} {ergonomic}
     bool UseG1GC                                  = true                                      {product} {ergonomic}
     bool UseLargePagesIndividualAllocation        = false                                  {pd product} {ergonomic}

Logging:
Log output configuration:
 #0: stdout all=warning uptime,level,tags foldmultilines=false
 #1: stderr all=off uptime,level,tags foldmultilines=false

Release file:
IMPLEMENTOR="Oracle Corporation" 
JAVA_RUNTIME_VERSION="25.0.1+8-27" 
JAVA_VERSION="25.0.1" 
JAVA_VERSION_DATE="2025-10-21" 
LIBC="default" 
MODULES="java.base java.compiler java.datatransfer java.xml java.prefs java.desktop java.instrument java.logging java.management java.security.sasl java.naming java.rmi java.management.rmi java.net.http java.scripting java.security.jgss java.transaction.xa java.sql java.sql.rowset java.xml.crypto java.se java.smartcardio jdk.accessibility jdk.internal.jvmstat jdk.attach jdk.charsets jdk.internal.opt jdk.zipfs jdk.compiler jdk.crypto.cryptoki jdk.crypto.ec jdk.crypto.mscapi jdk.dynalink jdk.internal.ed jdk.editpad jdk.internal.vm.ci jdk.graal.compiler jdk.graal.compiler.management jdk.hotspot.agent jdk.httpserver jdk.incubator.vector jdk.internal.le jdk.internal.md jdk.jartool jdk.javadoc jdk.jcmd jdk.management jdk.management.agent jdk.jconsole jdk.jdeps jdk.jdwp.agent jdk.jdi jdk.jfr jdk.jlink jdk.jpackage jdk.jshell jdk.jsobject jdk.jstatd jdk.localedata jdk.management.jfr jdk.naming.dns jdk.naming.rmi jdk.net jdk.nio.mapmode jdk.sctp jdk.security.auth jdk.security.jgss jdk.unsupported jdk.unsupported.desktop jdk.xml.dom" 
OS_ARCH="x86_64" 
OS_NAME="Windows" 
SOURCE=".:git:78770bfaefd2" 

Environment Variables:
JAVA_HOME=D:\Dependencies\Java\openjdk-25.0.1
PATH=D:\Program\Scripts\;D:\Program\;D:\Dependencies\VulkanSDK\1.4.321.1\Bin;C:\WINDOWS\system32;C:\WINDOWS;C:\WINDOWS\System32\Wbem;C:\WINDOWS\System32\WindowsPowerShell\v1.0\;C:\ProgramData\chocolatey\bin;C:\Program Files\NVIDIA Corporation\NVIDIA App\NvDLISR;C:\Program Files (x86)\NVIDIA Corporation\PhysX\Common;D:\Program Files\Microsoft.VisualStudioCode\bin;C:\Program Files\dotnet\;D:\Dependencies\Java\openjdk-25.0.1\bin;C:\Program Files\starship\bin\;C:\Program Files (x86)\Windows Kits\10\Windows Performance Toolkit\;C:\Program Files\Git\cmd;D:\Program Files\OpenJS.NodeJS\;C:\Program Files\PowerShell\7\;C:\Users\Maxi\AppData\Local\Microsoft\WindowsApps;C:\Users\Maxi\AppData\Local\JetBrains\Toolbox\scripts;C:\Users\Maxi\AppData\Local\spicetify;C:\Users\Maxi\.dotnet\tools;C:\Users\Maxi\AppData\Roaming\npm
USERNAME=Maxi
OS=Windows_NT
PROCESSOR_IDENTIFIER=Intel64 Family 6 Model 158 Stepping 13, GenuineIntel
TMP=C:\Users\Maxi\AppData\Local\Temp
TEMP=C:\Users\Maxi\AppData\Local\Temp




Compilation memory statistics disabled.

Periodic native trim disabled

---------------  S Y S T E M  ---------------

OS:
 Windows 11 , 64 bit Build 26100 (10.0.26100.1591)
OS uptime: 23 days 19:51 hours

CPU: total 8 (initial active 8) (8 cores per cpu, 1 threads per core) family 6 model 158 stepping 13 microcode 0xfa, cx8, cmov, fxsr, mmx, 3dnowpref, sse, sse2, sse3, ssse3, sse4.1, sse4.2, popcnt, lzcnt, tsc, tscinvbit, avx, avx2, aes, erms, clmul, bmi1, bmi2, adx, fma, vzeroupper, clflush, clflushopt, rdtscp, f16c
Processor Information for the first 8 processors :
  Max Mhz: 3600, Current Mhz: 3600, Mhz Limit: 3600

Memory: 4k page, system-wide physical 32684M (15866M free)
TotalPageFile size 34732M (AvailPageFile size 15258M)
current process WorkingSet (physical memory assigned to process): 416M, peak: 416M
current process commit charge ("private bytes"): 522M, peak: 959M

vm_info: OpenJDK 64-Bit Server VM (25.0.1+8-27) for windows-amd64 JRE (25.0.1+8-27), built on 2025-09-25T16:41:16Z with unknown MS VC++:1943

END.
